******************************************************************************
                  TI ARM Linker PC v15.12.1                    
******************************************************************************
>> Linked Mon Mar 20 13:02:43 2017

OUTPUT FILE NAME:   <IO_noTimer.out>
ENTRY POINT SYMBOL: "_c_int00"  address: 00000721


MEMORY CONFIGURATION

         name            origin    length      used     unused   attr    fill
----------------------  --------  ---------  --------  --------  ----  --------
  FLASH                 00000000   00040000  00000960  0003f6a0  R  X
  SRAM                  20000000   00008000  00000218  00007de8  RW X


SEGMENT ALLOCATION MAP

run origin  load origin   length   init length attrs members
----------  ----------- ---------- ----------- ----- -------
00000000    00000000    00000960   00000960    r-x
  00000000    00000000    0000026c   0000026c    r-- .intvecs
  0000026c    0000026c    000006cc   000006cc    r-x .text
  00000938    00000938    00000028   00000028    r-- .cinit
20000000    20000000    00000218   00000000    rw-
  20000000    20000000    00000200   00000000    rw- .stack
  20000200    20000200    00000018   00000000    rw- .data


SECTION ALLOCATION MAP

 output                                  attributes/
section   page    origin      length       input sections
--------  ----  ----------  ----------   ----------------
.intvecs   0    00000000    0000026c     
                  00000000    0000026c     tm4c123gh6pm_startup_ccs.obj (.intvecs)

.text      0    0000026c    000006cc     
                  0000026c    00000132     driverlib.lib : gpio.obj (.text:GPIOPadConfigSet)
                  0000039e    00000002     rtsv7M4_T_le_v4SPD16_eabi.lib : mpu_init.obj (.text)
                  000003a0    000000f4     driverlib.lib : sysctl.obj (.text:SysCtlClockSet)
                  00000494    0000009c     rtsv7M4_T_le_v4SPD16_eabi.lib : memcpy_t2.obj (.text)
                  00000530    00000098     main.obj (.text)
                  000005c8    0000007a     rtsv7M4_T_le_v4SPD16_eabi.lib : memset_t2.obj (.text)
                  00000642    00000002                                   : startup.obj (.text)
                  00000644    00000070                                   : autoinit.obj (.text)
                  000006b4    0000006a                                   : copy_decompress_rle.obj (.text)
                  0000071e    00000002     --HOLE-- [fill = 0]
                  00000720    00000054                                   : boot.obj (.text)
                  00000774    00000054                                   : exit.obj (.text)
                  000007c8    0000004c                                   : cpy_tbl.obj (.text)
                  00000814    00000038     driverlib.lib : sysctl.obj (.text:SysCtlPeripheralReady)
                  0000084c    00000034                   : sysctl.obj (.text:SysCtlPeripheralEnable)
                  00000880    0000002a                   : gpio.obj (.text:GPIODirModeSet)
                  000008aa    00000018                   : gpio.obj (.text:GPIOPinTypeGPIOOutput)
                  000008c2    00000002     --HOLE-- [fill = 0]
                  000008c4    00000018     rtsv7M4_T_le_v4SPD16_eabi.lib : args_main.obj (.text)
                  000008dc    00000014                                   : _lock.obj (.text)
                  000008f0    00000012     driverlib.lib : gpio.obj (.text:GPIOPinTypeGPIOInput)
                  00000902    0000000e     rtsv7M4_T_le_v4SPD16_eabi.lib : copy_decompress_none.obj (.text:decompress:none)
                  00000910    0000000c     tm4c123gh6pm_startup_ccs.obj (.text)
                  0000091c    00000006     driverlib.lib : gpio.obj (.text:GPIOPinRead)
                  00000922    00000006                   : gpio.obj (.text:GPIOPinWrite)
                  00000928    00000006                   : sysctl.obj (.text:SysCtlDelay)
                  0000092e    00000006     rtsv7M4_T_le_v4SPD16_eabi.lib : copy_decompress_rle.obj (.text:decompress:rle24)
                  00000934    00000004                                   : pre_init.obj (.text)

.cinit     0    00000938    00000028     
                  00000938    00000016     (.cinit..data.load) [load image, compression = rle]
                  0000094e    00000002     --HOLE-- [fill = 0]
                  00000950    00000008     (__TI_handler_table)
                  00000958    00000008     (__TI_cinit_table)

.init_array 
*          0    00000000    00000000     UNINITIALIZED

.stack     0    20000000    00000200     UNINITIALIZED
                  20000000    00000200     --HOLE--

.data      0    20000200    00000018     UNINITIALIZED
                  20000200    0000000c     rtsv7M4_T_le_v4SPD16_eabi.lib : exit.obj (.data:$O1$$)
                  2000020c    00000008                                   : _lock.obj (.data:$O1$$)
                  20000214    00000004                                   : stkdepth_vars.obj (.data)

MODULE SUMMARY

       Module                         code   ro data   rw data
       ------                         ----   -------   -------
    .\
       tm4c123gh6pm_startup_ccs.obj   12     620       0      
       main.obj                       152    0         0      
    +--+------------------------------+------+---------+---------+
       Total:                         164    620       0      
                                                              
    C:/ti/TivaWare_C_Series-2.1.3.156/driverlib/ccs/Debug/driverlib.lib
       gpio.obj                       402    0         0      
       sysctl.obj                     358    0         0      
    +--+------------------------------+------+---------+---------+
       Total:                         760    0         0      
                                                              
    C:\ti\ccsv6\tools\compiler\ti-cgt-arm_15.12.1.LTS\lib\rtsv7M4_T_le_v4SPD16_eabi.lib
       memcpy_t2.obj                  156    0         0      
       memset_t2.obj                  122    0         0      
       autoinit.obj                   112    0         0      
       copy_decompress_rle.obj        112    0         0      
       exit.obj                       84     0         12     
       boot.obj                       84     0         0      
       cpy_tbl.obj                    76     0         0      
       _lock.obj                      20     0         8      
       args_main.obj                  24     0         0      
       copy_decompress_none.obj       14     0         0      
       pre_init.obj                   4      0         0      
       stkdepth_vars.obj              0      0         4      
       mpu_init.obj                   2      0         0      
       startup.obj                    2      0         0      
    +--+------------------------------+------+---------+---------+
       Total:                         812    0         24     
                                                              
       Stack:                         0      0         512    
       Linker Generated:              0      38        0      
    +--+------------------------------+------+---------+---------+
       Grand Total:                   1736   658       536    


LINKER GENERATED COPY TABLES

__TI_cinit_table @ 00000958 records: 1, size/record: 8, table size: 8
	.data: load addr=00000938, load size=00000016 bytes, run addr=20000200, run size=00000018 bytes, compression=rle


LINKER GENERATED HANDLER TABLE

__TI_handler_table @ 00000950 records: 2, size/record: 4, table size: 8
	index: 0, handler: __TI_decompress_rle24
	index: 1, handler: __TI_decompress_none


GLOBAL SYMBOLS: SORTED ALPHABETICALLY BY Name 

address   name                           
-------   ----                           
00000775  C$$EXIT                        
00000881  GPIODirModeSet                 
0000026d  GPIOPadConfigSet               
0000091d  GPIOPinRead                    
000008f1  GPIOPinTypeGPIOInput           
000008ab  GPIOPinTypeGPIOOutput          
00000923  GPIOPinWrite                   
00000911  ResetISR                       
UNDEFED   SHT$$INIT_ARRAY$$Base          
UNDEFED   SHT$$INIT_ARRAY$$Limit         
000003a1  SysCtlClockSet                 
00000929  SysCtlDelay                    
0000084d  SysCtlPeripheralEnable         
00000815  SysCtlPeripheralReady          
20000200  __STACK_END                    
00000200  __STACK_SIZE                   
20000200  __STACK_TOP                    
00000958  __TI_CINIT_Base                
00000960  __TI_CINIT_Limit               
00000950  __TI_Handler_Table_Base        
00000958  __TI_Handler_Table_Limit       
00000645  __TI_auto_init                 
20000200  __TI_cleanup_ptr               
00000903  __TI_decompress_none           
0000092f  __TI_decompress_rle24          
20000204  __TI_dtors_ptr                 
20000208  __TI_enable_exit_profile_output
ffffffff  __TI_pprof_out_hndl            
ffffffff  __TI_prof_data_size            
ffffffff  __TI_prof_data_start           
00000000  __TI_static_base__             
000005c9  __aeabi_memclr                 
000005c9  __aeabi_memclr4                
000005c9  __aeabi_memclr8                
00000495  __aeabi_memcpy                 
00000495  __aeabi_memcpy4                
00000495  __aeabi_memcpy8                
000005cb  __aeabi_memset                 
000005cb  __aeabi_memset4                
000005cb  __aeabi_memset8                
ffffffff  __binit__                      
ffffffff  __c_args__                     
0000039f  __mpu_init                     
20000000  __stack                        
000008c5  _args_main                     
00000721  _c_int00                       
2000020c  _lock                          
000008eb  _nop                           
000008e3  _register_lock                 
000008dd  _register_unlock               
00000643  _system_post_cinit             
00000935  _system_pre_init               
20000210  _unlock                        
00000779  abort                          
ffffffff  binit                          
000007c9  copy_in                        
00000781  exit                           
00000000  g_pfnVectors                   
00000531  main                           
20000214  main_func_sp                   
00000495  memcpy                         
000005d1  memset                         


GLOBAL SYMBOLS: SORTED BY Symbol Address 

address   name                           
-------   ----                           
00000000  __TI_static_base__             
00000000  g_pfnVectors                   
00000200  __STACK_SIZE                   
0000026d  GPIOPadConfigSet               
0000039f  __mpu_init                     
000003a1  SysCtlClockSet                 
00000495  __aeabi_memcpy                 
00000495  __aeabi_memcpy4                
00000495  __aeabi_memcpy8                
00000495  memcpy                         
00000531  main                           
000005c9  __aeabi_memclr                 
000005c9  __aeabi_memclr4                
000005c9  __aeabi_memclr8                
000005cb  __aeabi_memset                 
000005cb  __aeabi_memset4                
000005cb  __aeabi_memset8                
000005d1  memset                         
00000643  _system_post_cinit             
00000645  __TI_auto_init                 
00000721  _c_int00                       
00000775  C$$EXIT                        
00000779  abort                          
00000781  exit                           
000007c9  copy_in                        
00000815  SysCtlPeripheralReady          
0000084d  SysCtlPeripheralEnable         
00000881  GPIODirModeSet                 
000008ab  GPIOPinTypeGPIOOutput          
000008c5  _args_main                     
000008dd  _register_unlock               
000008e3  _register_lock                 
000008eb  _nop                           
000008f1  GPIOPinTypeGPIOInput           
00000903  __TI_decompress_none           
00000911  ResetISR                       
0000091d  GPIOPinRead                    
00000923  GPIOPinWrite                   
00000929  SysCtlDelay                    
0000092f  __TI_decompress_rle24          
00000935  _system_pre_init               
00000950  __TI_Handler_Table_Base        
00000958  __TI_CINIT_Base                
00000958  __TI_Handler_Table_Limit       
00000960  __TI_CINIT_Limit               
20000000  __stack                        
20000200  __STACK_END                    
20000200  __STACK_TOP                    
20000200  __TI_cleanup_ptr               
20000204  __TI_dtors_ptr                 
20000208  __TI_enable_exit_profile_output
2000020c  _lock                          
20000210  _unlock                        
20000214  main_func_sp                   
ffffffff  __TI_pprof_out_hndl            
ffffffff  __TI_prof_data_size            
ffffffff  __TI_prof_data_start           
ffffffff  __binit__                      
ffffffff  __c_args__                     
ffffffff  binit                          
UNDEFED   SHT$$INIT_ARRAY$$Base          
UNDEFED   SHT$$INIT_ARRAY$$Limit         

[62 symbols]
