******************************************************************************
                  TI ARM Linker PC v15.12.3                    
******************************************************************************
>> Linked Mon Mar 20 12:45:42 2017

OUTPUT FILE NAME:   <input_output.out>
ENTRY POINT SYMBOL: "_c_int00"  address: 00000555


MEMORY CONFIGURATION

         name            origin    length      used     unused   attr    fill
----------------------  --------  ---------  --------  --------  ----  --------
  FLASH                 00000000   00040000  000006ce  0003f932  R  X
  SRAM                  20000000   00008000  00000218  00007de8  RW X


SEGMENT ALLOCATION MAP

run origin  load origin   length   init length attrs members
----------  ----------- ---------- ----------- ----- -------
00000000    00000000    000006d0   000006d0    r-x
  00000000    00000000    0000026c   0000026c    r-- .intvecs
  0000026c    0000026c    00000442   00000442    r-x .text
  000006b0    000006b0    00000020   00000020    r-- .cinit
20000000    20000000    00000218   00000000    rw-
  20000000    20000000    00000200   00000000    rw- .stack
  20000200    20000200    00000018   00000000    rw- .data


SECTION ALLOCATION MAP

 output                                  attributes/
section   page    origin      length       input sections
--------  ----  ----------  ----------   ----------------
.intvecs   0    00000000    0000026c     
                  00000000    0000026c     tm4c123gh6pm_startup_ccs.obj (.intvecs)

.text      0    0000026c    00000442     
                  0000026c    000000f4     driverlib.lib : sysctl.obj (.text:SysCtlClockSet)
                  00000360    0000009c     rtsv7M4_T_le_v4SPD16_eabi.lib : memcpy_t2.obj (.text)
                  000003fc    0000007a                                   : memset_t2.obj (.text)
                  00000476    00000002                                   : mpu_init.obj (.text)
                  00000478    00000070                                   : autoinit.obj (.text)
                  000004e8    0000006a                                   : copy_decompress_rle.obj (.text)
                  00000552    00000002                                   : startup.obj (.text)
                  00000554    00000054                                   : boot.obj (.text)
                  000005a8    00000054                                   : exit.obj (.text)
                  000005fc    0000004c                                   : cpy_tbl.obj (.text)
                  00000648    00000018                                   : args_main.obj (.text)
                  00000660    00000014                                   : _lock.obj (.text)
                  00000674    00000010     main.obj (.text)
                  00000684    0000000e     rtsv7M4_T_le_v4SPD16_eabi.lib : copy_decompress_none.obj (.text:decompress:none)
                  00000692    0000000c     tm4c123gh6pm_startup_ccs.obj (.text)
                  0000069e    00000006     driverlib.lib : sysctl.obj (.text:SysCtlDelay)
                  000006a4    00000006     rtsv7M4_T_le_v4SPD16_eabi.lib : copy_decompress_rle.obj (.text:decompress:rle24)
                  000006aa    00000004                                   : pre_init.obj (.text)

.cinit     0    000006b0    00000020     
                  000006b0    0000000d     (.cinit..data.load) [load image, compression = rle]
                  000006bd    00000003     --HOLE-- [fill = 0]
                  000006c0    00000008     (__TI_handler_table)
                  000006c8    00000008     (__TI_cinit_table)

.init_array 
*          0    00000000    00000000     UNINITIALIZED

.stack     0    20000000    00000200     UNINITIALIZED
                  20000000    00000200     --HOLE--

.data      0    20000200    00000018     UNINITIALIZED
                  20000200    0000000c     rtsv7M4_T_le_v4SPD16_eabi.lib : exit.obj (.data:$O1$$)
                  2000020c    00000008                                   : _lock.obj (.data:$O1$$)
                  20000214    00000004                                   : stkdepth_vars.obj (.data)

MODULE SUMMARY

       Module                         code   ro data   rw data
       ------                         ----   -------   -------
    .\
       tm4c123gh6pm_startup_ccs.obj   12     620       0      
       main.obj                       16     0         0      
    +--+------------------------------+------+---------+---------+
       Total:                         28     620       0      
                                                              
    C:/ti/TivaWare_C_Series-2.1.3.156/driverlib/ccs/Debug/driverlib.lib
       sysctl.obj                     250    0         0      
    +--+------------------------------+------+---------+---------+
       Total:                         250    0         0      
                                                              
    C:\ti\ccsv6\tools\compiler\arm_15.12.3.LTS\lib\rtsv7M4_T_le_v4SPD16_eabi.lib
       memcpy_t2.obj                  156    0         0      
       memset_t2.obj                  122    0         0      
       autoinit.obj                   112    0         0      
       copy_decompress_rle.obj        112    0         0      
       exit.obj                       84     0         12     
       boot.obj                       84     0         0      
       cpy_tbl.obj                    76     0         0      
       _lock.obj                      20     0         8      
       args_main.obj                  24     0         0      
       copy_decompress_none.obj       14     0         0      
       pre_init.obj                   4      0         0      
       stkdepth_vars.obj              0      0         4      
       mpu_init.obj                   2      0         0      
       startup.obj                    2      0         0      
    +--+------------------------------+------+---------+---------+
       Total:                         812    0         24     
                                                              
       Stack:                         0      0         512    
       Linker Generated:              0      29        0      
    +--+------------------------------+------+---------+---------+
       Grand Total:                   1090   649       536    


LINKER GENERATED COPY TABLES

__TI_cinit_table @ 000006c8 records: 1, size/record: 8, table size: 8
	.data: load addr=000006b0, load size=0000000d bytes, run addr=20000200, run size=00000018 bytes, compression=rle


LINKER GENERATED HANDLER TABLE

__TI_handler_table @ 000006c0 records: 2, size/record: 4, table size: 8
	index: 0, handler: __TI_decompress_rle24
	index: 1, handler: __TI_decompress_none


GLOBAL SYMBOLS: SORTED ALPHABETICALLY BY Name 

address   name                           
-------   ----                           
000005a9  C$$EXIT                        
00000693  ResetISR                       
UNDEFED   SHT$$INIT_ARRAY$$Base          
UNDEFED   SHT$$INIT_ARRAY$$Limit         
0000026d  SysCtlClockSet                 
0000069f  SysCtlDelay                    
20000200  __STACK_END                    
00000200  __STACK_SIZE                   
20000200  __STACK_TOP                    
000006c8  __TI_CINIT_Base                
000006d0  __TI_CINIT_Limit               
000006c0  __TI_Handler_Table_Base        
000006c8  __TI_Handler_Table_Limit       
00000479  __TI_auto_init                 
20000200  __TI_cleanup_ptr               
00000685  __TI_decompress_none           
000006a5  __TI_decompress_rle24          
20000204  __TI_dtors_ptr                 
20000208  __TI_enable_exit_profile_output
ffffffff  __TI_pprof_out_hndl            
ffffffff  __TI_prof_data_size            
ffffffff  __TI_prof_data_start           
00000000  __TI_static_base__             
000003fd  __aeabi_memclr                 
000003fd  __aeabi_memclr4                
000003fd  __aeabi_memclr8                
00000361  __aeabi_memcpy                 
00000361  __aeabi_memcpy4                
00000361  __aeabi_memcpy8                
000003ff  __aeabi_memset                 
000003ff  __aeabi_memset4                
000003ff  __aeabi_memset8                
ffffffff  __binit__                      
ffffffff  __c_args__                     
00000477  __mpu_init                     
20000000  __stack                        
00000649  _args_main                     
00000555  _c_int00                       
2000020c  _lock                          
0000066f  _nop                           
00000667  _register_lock                 
00000661  _register_unlock               
00000553  _system_post_cinit             
000006ab  _system_pre_init               
20000210  _unlock                        
000005ad  abort                          
ffffffff  binit                          
000005fd  copy_in                        
000005b5  exit                           
00000000  g_pfnVectors                   
00000675  main                           
20000214  main_func_sp                   
00000361  memcpy                         
00000405  memset                         


GLOBAL SYMBOLS: SORTED BY Symbol Address 

address   name                           
-------   ----                           
00000000  __TI_static_base__             
00000000  g_pfnVectors                   
00000200  __STACK_SIZE                   
0000026d  SysCtlClockSet                 
00000361  __aeabi_memcpy                 
00000361  __aeabi_memcpy4                
00000361  __aeabi_memcpy8                
00000361  memcpy                         
000003fd  __aeabi_memclr                 
000003fd  __aeabi_memclr4                
000003fd  __aeabi_memclr8                
000003ff  __aeabi_memset                 
000003ff  __aeabi_memset4                
000003ff  __aeabi_memset8                
00000405  memset                         
00000477  __mpu_init                     
00000479  __TI_auto_init                 
00000553  _system_post_cinit             
00000555  _c_int00                       
000005a9  C$$EXIT                        
000005ad  abort                          
000005b5  exit                           
000005fd  copy_in                        
00000649  _args_main                     
00000661  _register_unlock               
00000667  _register_lock                 
0000066f  _nop                           
00000675  main                           
00000685  __TI_decompress_none           
00000693  ResetISR                       
0000069f  SysCtlDelay                    
000006a5  __TI_decompress_rle24          
000006ab  _system_pre_init               
000006c0  __TI_Handler_Table_Base        
000006c8  __TI_CINIT_Base                
000006c8  __TI_Handler_Table_Limit       
000006d0  __TI_CINIT_Limit               
20000000  __stack                        
20000200  __STACK_END                    
20000200  __STACK_TOP                    
20000200  __TI_cleanup_ptr               
20000204  __TI_dtors_ptr                 
20000208  __TI_enable_exit_profile_output
2000020c  _lock                          
20000210  _unlock                        
20000214  main_func_sp                   
ffffffff  __TI_pprof_out_hndl            
ffffffff  __TI_prof_data_size            
ffffffff  __TI_prof_data_start           
ffffffff  __binit__                      
ffffffff  __c_args__                     
ffffffff  binit                          
UNDEFED   SHT$$INIT_ARRAY$$Base          
UNDEFED   SHT$$INIT_ARRAY$$Limit         

[54 symbols]
